=== RUN   TestResponseContent
[GIN-debug] [WARNING] Creating an Engine instance with the Logger and Recovery middleware already attached.

[GIN-debug] [WARNING] Running in "debug" mode. Switch to "release" mode in production.
 - using env:	export GIN_MODE=release
 - using code:	gin.SetMode(gin.ReleaseMode)

[GIN-debug] GET    /debug/pprof/             --> github.com/gin-contrib/pprof.RouteRegister.WrapF.func1 (3 handlers)
[GIN-debug] GET    /debug/pprof/cmdline      --> github.com/gin-contrib/pprof.RouteRegister.WrapF.func2 (3 handlers)
[GIN-debug] GET    /debug/pprof/profile      --> github.com/gin-contrib/pprof.RouteRegister.WrapF.func3 (3 handlers)
[GIN-debug] POST   /debug/pprof/symbol       --> github.com/gin-contrib/pprof.RouteRegister.WrapF.func4 (3 handlers)
[GIN-debug] GET    /debug/pprof/symbol       --> github.com/gin-contrib/pprof.RouteRegister.WrapF.func5 (3 handlers)
[GIN-debug] GET    /debug/pprof/trace        --> github.com/gin-contrib/pprof.RouteRegister.WrapF.func6 (3 handlers)
[GIN-debug] GET    /debug/pprof/allocs       --> github.com/gin-contrib/pprof.RouteRegister.WrapH.func7 (3 handlers)
[GIN-debug] GET    /debug/pprof/block        --> github.com/gin-contrib/pprof.RouteRegister.WrapH.func8 (3 handlers)
[GIN-debug] GET    /debug/pprof/goroutine    --> github.com/gin-contrib/pprof.RouteRegister.WrapH.func9 (3 handlers)
[GIN-debug] GET    /debug/pprof/heap         --> github.com/gin-contrib/pprof.RouteRegister.WrapH.func10 (3 handlers)
[GIN-debug] GET    /debug/pprof/mutex        --> github.com/gin-contrib/pprof.RouteRegister.WrapH.func11 (3 handlers)
[GIN-debug] GET    /debug/pprof/threadcreate --> github.com/gin-contrib/pprof.RouteRegister.WrapH.func12 (3 handlers)
[GIN-debug] Loaded HTML Templates (9):
	- ed.html
	- footer.html
	- fs2020.html
	- header.html
	- log.html
	- navbar.html
	- refcard.html
	- sws.html
	-

[GIN-debug] GET    /favicon.ico              --> github.com/ankurkotwal/metarefcard/mrc.GetServer.(*RouterGroup).StaticFile.func5 (3 handlers)
[GIN-debug] HEAD   /favicon.ico              --> github.com/ankurkotwal/metarefcard/mrc.GetServer.(*RouterGroup).StaticFile.func5 (3 handlers)
[GIN-debug] GET    /logo_metarefcard.png     --> github.com/ankurkotwal/metarefcard/mrc.GetServer.(*RouterGroup).StaticFile.func6 (3 handlers)
[GIN-debug] HEAD   /logo_metarefcard.png     --> github.com/ankurkotwal/metarefcard/mrc.GetServer.(*RouterGroup).StaticFile.func6 (3 handlers)
[GIN-debug] GET    /main.css                 --> github.com/ankurkotwal/metarefcard/mrc.GetServer.(*RouterGroup).StaticFile.func7 (3 handlers)
[GIN-debug] HEAD   /main.css                 --> github.com/ankurkotwal/metarefcard/mrc.GetServer.(*RouterGroup).StaticFile.func7 (3 handlers)
[GIN-debug] GET    /script.js                --> github.com/ankurkotwal/metarefcard/mrc.GetServer.(*RouterGroup).StaticFile.func8 (3 handlers)
[GIN-debug] HEAD   /script.js                --> github.com/ankurkotwal/metarefcard/mrc.GetServer.(*RouterGroup).StaticFile.func8 (3 handlers)
[GIN-debug] GET    /                         --> github.com/ankurkotwal/metarefcard/mrc.GetServer.func1 (3 handlers)
[GIN-debug] GET    /fs2020                   --> github.com/ankurkotwal/metarefcard/mrc.GetServer.func2 (3 handlers)
[GIN-debug] POST   /api/fs2020               --> github.com/ankurkotwal/metarefcard/mrc.GetServer.func3 (3 handlers)
[GIN-debug] GET    /test/fs2020              --> github.com/ankurkotwal/metarefcard/mrc.GetServer.func4 (3 handlers)
[GIN-debug] GET    /sws                      --> github.com/ankurkotwal/metarefcard/mrc.GetServer.func2 (3 handlers)
[GIN-debug] POST   /api/sws                  --> github.com/ankurkotwal/metarefcard/mrc.GetServer.func3 (3 handlers)
[GIN-debug] GET    /test/sws                 --> github.com/ankurkotwal/metarefcard/mrc.GetServer.func4 (3 handlers)
=== RUN   TestResponseContent/FS2020_UI
[GIN] 2025/11/30 - 05:05:17 | 200 |   1.04415623s |                 | GET      "/test/fs2020"
    main_test.go:54: Response missing "<!doctype html>"
    main_test.go:54: Response missing "data:image/jpeg;base64"
=== RUN   TestResponseContent/SWS_UI
[GIN] 2025/11/30 - 05:05:17 | 200 |   91.330663ms |                 | GET      "/test/sws"
    main_test.go:54: Response missing "<!doctype html>"
--- FAIL: TestResponseContent (1.17s)
    --- FAIL: TestResponseContent/FS2020_UI (1.05s)
    --- FAIL: TestResponseContent/SWS_UI (0.09s)
FAIL
FAIL	github.com/ankurkotwal/metarefcard	1.186s
FAIL
